<img src="cache/images/hor_0__01296120350.png" border="0" usemap="#cache/images/hor_0__01296120350.png">
<map name="cache/images/hor_0__01296120350.png">
	<area shape="rect" coords="50,42,84,100" href="index.php?module=Leads&action=index&from_dashboard=true&search_text=s&search_field=assigned_user_id&searchtype=BasicSearch&query=true&type=entchar&operator=e&viewname=1" alt="s - 1" title="s - 1">
	<area shape="rect" coords="50,116,256,173" href="index.php?module=Leads&action=index&from_dashboard=true&search_text=testmsg&search_field=assigned_user_id&searchtype=BasicSearch&query=true&type=entchar&operator=e&viewname=1" alt="testmsg - 6" title="testmsg - 6">
	<area shape="rect" coords="50,189,290,247" href="index.php?module=Leads&action=index&from_dashboard=true&search_text=admin&search_field=assigned_user_id&searchtype=BasicSearch&query=true&type=entchar&operator=e&viewname=1" alt="admin - 7" title="admin - 7">
	<area shape="rect" coords="50,262,187,320" href="index.php?module=Leads&action=index&from_dashboard=true&search_text=sm&search_field=assigned_user_id&searchtype=BasicSearch&query=true&type=entchar&operator=e&viewname=1" alt="sm - 4" title="sm - 4">
	<area shape="rect" coords="50,336,736,393" href="index.php?module=Leads&action=index&from_dashboard=true&search_text=test&search_field=assigned_user_id&searchtype=BasicSearch&query=true&type=entchar&operator=e&viewname=1" alt="test - 20" title="test - 20">
	<area shape="rect" coords="50,409,187,467" href="index.php?module=Leads&action=index&from_dashboard=true&search_text=sss&search_field=assigned_user_id&searchtype=BasicSearch&query=true&type=entchar&operator=e&viewname=1" alt="sss - 4" title="sss - 4">
</map>