<img src="cache/images/pie_0__01296118383.png" border="0" usemap="#cache/images/pie_0__01296118383.png">
<map name="cache/images/pie_0__01296118383.png">
	<area shape="polygon" coords="444,282,607,282,607,282" href="index.php?module=Leads&action=index&from_dashboard=true&search_text=s&search_field=assigned_user_id&searchtype=BasicSearch&query=true&type=entchar&operator=e&viewname=1" alt="s - 1" title="s - 1">
	<area shape="polygon" coords="444,282,607,282,585,364,526,423,444,445,362,423,303,364,281,282,303,200,362,141,444,119,526,141,585,200,606,265" href="index.php?module=Leads&action=index&from_dashboard=true&search_text=admin&search_field=assigned_user_id&searchtype=BasicSearch&query=true&type=entchar&operator=e&viewname=1" alt="admin - 1730" title="admin - 1730">
	<area shape="polygon" coords="444,282,606,265,607,268" href="index.php?module=Leads&action=index&from_dashboard=true&search_text=test&search_field=assigned_user_id&searchtype=BasicSearch&query=true&type=entchar&operator=e&viewname=1" alt="test - 6" title="test - 6">
	<area shape="polygon" coords="444,282,607,268,607,282" href="index.php?module=Leads&action=index&from_dashboard=true&search_text=sm&search_field=assigned_user_id&searchtype=BasicSearch&query=true&type=entchar&operator=e&viewname=1" alt="sm - 20" title="sm - 20">
</map>